[wow-themes.com/demo/html/perfume/index.html]
[backblue.gif]
[fade.gif]
[index.html]
[wow-themes.com/demo/html/perfume/css/flaticon.css]
[wow-themes.com/demo/html/perfume/css/bootstrap.css]
[wow-themes.com/demo/html/perfume/css/style.css]
[wow-themes.com/demo/html/perfume/css/owl.carousel.css]
[wow-themes.com/demo/html/perfume/css/owl.transitions.css]
[wow-themes.com/demo/html/perfume/js/rs-plugin/css/settings.css]
[wow-themes.com/demo/html/perfume/css/responsive.css]
[wow-themes.com/demo/html/perfume/css/color.css]
[wow-themes.com/demo/html/perfume/images/logo.png]
[wow-themes.com/demo/html/perfume/images/resource/img-1.jpg]
[wow-themes.com/demo/html/perfume/images/resource/img-2.jpg]
[wow-themes.com/demo/html/perfume/blog.html]
[wow-themes.com/demo/html/perfume/blog-single.html]
[wow-themes.com/demo/html/perfume/product-single.html]
[wow-themes.com/demo/html/perfume/cart.html]
[wow-themes.com/demo/html/perfume/checkout-shipping-address.html]
[wow-themes.com/demo/html/perfume/checkout-shipping-payment.html]
[wow-themes.com/demo/html/perfume/my-account.html]
[wow-themes.com/demo/html/perfume/services.html]
[wow-themes.com/demo/html/perfume/promotions.html]
[wow-themes.com/demo/html/perfume/testimonials.html]
[wow-themes.com/demo/html/perfume/categories.html]
[wow-themes.com/demo/html/perfume/wholesalers.html]
[wow-themes.com/demo/html/perfume/beauty-expert.html]
[wow-themes.com/demo/html/perfume/about.html]
[wow-themes.com/demo/html/perfume/our-team.html]
[wow-themes.com/demo/html/perfume/faq.html]
[wow-themes.com/demo/html/perfume/register.html]
[wow-themes.com/demo/html/perfume/coming-soon.html]
[wow-themes.com/demo/html/perfume/error.html]
[wow-themes.com/demo/html/perfume/shop-by-brand.html]
[wow-themes.com/demo/html/perfume/contact.html]
[wow-themes.com/demo/html/perfume/images/resource/dummy.png]
[wow-themes.com/demo/html/perfume/images/resource/img-slider-2.png]
[wow-themes.com/demo/html/perfume/images/resource/img-slider-3.png]
[wow-themes.com/demo/html/perfume/images/resource/img-3.png]
[wow-themes.com/demo/html/perfume/images/resource/img-4.png]
[wow-themes.com/demo/html/perfume/images/resource/img-5.jpg]
[wow-themes.com/demo/html/perfume/images/resource/img-6.jpg]
[wow-themes.com/demo/html/perfume/images/resource/img-7.jpg]
[wow-themes.com/demo/html/perfume/images/resource/img-8.jpg]
[wow-themes.com/demo/html/perfume/images/resource/img-12.jpg]
[wow-themes.com/demo/html/perfume/images/resource/bgImg-1.jpg]
[wow-themes.com/demo/html/perfume/images/resource/img-39.jpg]
[wow-themes.com/demo/html/perfume/images/resource/img-37.jpg]
[wow-themes.com/demo/html/perfume/images/resource/img-38.jpg]
[wow-themes.com/demo/html/perfume/images/resource/img-34.jpg]
[wow-themes.com/demo/html/perfume/images/resource/img-35.jpg]
[wow-themes.com/demo/html/perfume/images/resource/img-36.jpg]
[wow-themes.com/demo/html/perfume/images/resource/img-9.jpg]
[wow-themes.com/demo/html/perfume/images/resource/img-10.jpg]
[wow-themes.com/demo/html/perfume/images/resource/img-11.jpg]
[wow-themes.com/demo/html/perfume/images/resource/img-13.jpg]
[wow-themes.com/demo/html/perfume/images/logo-visa.png]
[wow-themes.com/demo/html/perfume/images/logo-americanexpress.png]
[wow-themes.com/demo/html/perfume/images/logo-mastercard.png]
[wow-themes.com/demo/html/perfume/images/logo-amazon.png]
[wow-themes.com/demo/html/perfume/images/logo-paypal.png]
[wow-themes.com/demo/html/perfume/images/resource/img-40.jpg]
[wow-themes.com/demo/html/perfume/js/script.js]
[wow-themes.com/demo/html/perfume/js/plugins.js]
[wow-themes.com/demo/html/perfume/js/ie10-viewport-bug-workaround.js]
[wow-themes.com/demo/html/perfume/js/rs-plugin/js/jquery.themepunch.tools.min.js]
[wow-themes.com/demo/html/perfume/index.html]
[wow-themes.com/demo/html/perfume/css/fonts/flaticon/flaticon.eot]
[wow-themes.com/demo/html/perfume/js/rs-plugin/js/jquery.themepunch.revolution.min.js]
[wow-themes.com/demo/html/perfume/css/fonts/flaticon/flaticon.woff]
[wow-themes.com/demo/html/perfume/css/fonts/flaticon/flaticon.ttf]
[wow-themes.com/demo/html/perfume/css/flaticon.css]
[wow-themes.com/demo/html/perfume/css/fonts/glyphicons-halflings-regular.eot]
[wow-themes.com/demo/html/perfume/css/fonts/glyphicons-halflings-regulard41d.eot]
[wow-themes.com/demo/html/perfume/css/fonts/flaticon/flaticon.svg]
[wow-themes.com/demo/html/perfume/css/fonts/glyphicons-halflings-regular.woff2]
[wow-themes.com/demo/html/perfume/css/fonts/glyphicons-halflings-regular.woff]
[wow-themes.com/demo/html/perfume/css/fonts/glyphicons-halflings-regular.ttf]
[wow-themes.com/demo/html/perfume/css/bootstrap.css]
[wow-themes.com/demo/html/perfume/css/fonts/glyphicons-halflings-regular.svg]
[wow-themes.com/demo/html/perfume/images/patter-1.jpg]
[wow-themes.com/demo/html/perfume/css/style.css]
[wow-themes.com/demo/html/perfume/css/owl.carousel.css]
[wow-themes.com/demo/html/perfume/css/owl.transitions.css]
[wow-themes.com/demo/html/perfume/js/rs-plugin/images/gradient/g30.png]
[wow-themes.com/demo/html/perfume/js/rs-plugin/images/gradient/g40.png]
[wow-themes.com/demo/html/perfume/js/rs-plugin/assets/shadow1.png]
[wow-themes.com/demo/html/perfume/js/rs-plugin/assets/shadow2.png]
[wow-themes.com/demo/html/perfume/js/rs-plugin/assets/shadow3.png]
[wow-themes.com/demo/html/perfume/js/rs-plugin/assets/gridtile.png]
[wow-themes.com/demo/html/perfume/js/rs-plugin/assets/gridtile_white.png]
[wow-themes.com/demo/html/perfume/js/rs-plugin/assets/gridtile_3x3.png]
[wow-themes.com/demo/html/perfume/js/rs-plugin/assets/gridtile_3x3_white.png]
[wow-themes.com/demo/html/perfume/js/rs-plugin/assets/boxed_bgtile.png]
[wow-themes.com/demo/html/perfume/js/rs-plugin/assets/navigdots_bgtile.png]
[wow-themes.com/demo/html/perfume/js/rs-plugin/assets/bullet.png]
[wow-themes.com/demo/html/perfume/js/rs-plugin/assets/bullets.png]
[wow-themes.com/demo/html/perfume/js/rs-plugin/assets/bullets2.png]
[wow-themes.com/demo/html/perfume/js/rs-plugin/assets/bullet_boxed.png]
[wow-themes.com/demo/html/perfume/js/rs-plugin/assets/navigdots.png]
[wow-themes.com/demo/html/perfume/js/rs-plugin/assets/large_left.png]
[wow-themes.com/demo/html/perfume/js/rs-plugin/assets/large_right.png]
[wow-themes.com/demo/html/perfume/js/rs-plugin/assets/small_left.png]
[wow-themes.com/demo/html/perfume/js/rs-plugin/assets/small_right.png]
[wow-themes.com/demo/html/perfume/js/rs-plugin/assets/arrow_left.png]
[wow-themes.com/demo/html/perfume/js/rs-plugin/assets/arrow_right.png]
[wow-themes.com/demo/html/perfume/js/rs-plugin/assets/small_left_boxed.png]
[wow-themes.com/demo/html/perfume/js/rs-plugin/assets/small_right_boxed.png]
[wow-themes.com/demo/html/perfume/js/rs-plugin/assets/arrowleft.png]
[wow-themes.com/demo/html/perfume/js/rs-plugin/assets/arrowright.png]
[wow-themes.com/demo/html/perfume/js/rs-plugin/assets/arrow_left2.png]
[wow-themes.com/demo/html/perfume/js/rs-plugin/assets/arrow_right2.png]
[wow-themes.com/demo/html/perfume/js/rs-plugin/assets/timer.png]
[wow-themes.com/demo/html/perfume/js/rs-plugin/assets/coloredbg.png]
[wow-themes.com/demo/html/perfume/js/rs-plugin/assets/loader.gif]
[wow-themes.com/demo/html/perfume/js/rs-plugin/font/revicons90c6.eot]
[wow-themes.com/demo/html/perfume/js/rs-plugin/font/revicons90c6.woff]
[wow-themes.com/demo/html/perfume/js/rs-plugin/font/revicons90c6.ttf]
[wow-themes.com/demo/html/perfume/js/rs-plugin/css/settings.css]
[wow-themes.com/demo/html/perfume/css/responsive.css]
[wow-themes.com/demo/html/perfume/css/color.css]
[wow-themes.com/demo/html/perfume/js/rs-plugin/font/revicons90c6.svg]
[wow-themes.com/demo/html/perfume/images/resource/img-27.jpg]
[wow-themes.com/demo/html/perfume/images/resource/img-28.jpg]
[wow-themes.com/demo/html/perfume/images/resource/img-29.jpg]
[wow-themes.com/demo/html/perfume/images/resource/img-30.jpg]
[wow-themes.com/demo/html/perfume/images/resource/img-32.jpg]
[wow-themes.com/demo/html/perfume/images/resource/img-33.jpg]
[wow-themes.com/demo/html/perfume/images/resource/img-31.jpg]
[wow-themes.com/demo/html/perfume/js/jquery-1.11.2.min.js]
[wow-themes.com/demo/html/perfume/js/bootstrap.min.js]
[wow-themes.com/demo/html/perfume/blog.html]
[wow-themes.com/demo/html/perfume/js/owl.carousel.min.js]
[wow-themes.com/demo/html/perfume/images/resource/snap-2.jpg]
[wow-themes.com/demo/html/perfume/images/resource/snap-3.jpg]
[wow-themes.com/demo/html/perfume/images/resource/snap-4.jpg]
[wow-themes.com/demo/html/perfume/images/resource/snap-5.jpg]
[wow-themes.com/demo/html/perfume/blog-single.html]
[wow-themes.com/demo/html/perfume/images/resource/img-20.jpg]
[wow-themes.com/demo/html/perfume/images/resource/img-15.jpg]
[wow-themes.com/demo/html/perfume/images/resource/img-18.jpg]
[wow-themes.com/demo/html/perfume/images/resource/img-19.jpg]
[wow-themes.com/demo/html/perfume/images/resource/img-21.jpg]
[wow-themes.com/demo/html/perfume/images/resource/img-22.jpg]
[wow-themes.com/demo/html/perfume/product-single.html]
[wow-themes.com/demo/html/perfume/images/resource/img-16.jpg]
[wow-themes.com/demo/html/perfume/images/resource/img-17.jpg]
[wow-themes.com/demo/html/perfume/cart.html]
[wow-themes.com/demo/html/perfume/checkout-shipping-address.html]
[wow-themes.com/demo/html/perfume/checkout-shipping-payment.html]
[wow-themes.com/demo/html/perfume/my-account.html]
[wow-themes.com/demo/html/perfume/images/resource/img-14.jpg]
[wow-themes.com/demo/html/perfume/services.html]
[wow-themes.com/demo/html/perfume/promotions.html]
[wow-themes.com/demo/html/perfume/testimonials.html]
[wow-themes.com/demo/html/perfume/css/jquery-ui.css]
[wow-themes.com/demo/html/perfume/images/resource/img-23.jpg]
[wow-themes.com/demo/html/perfume/images/resource/img-24.jpg]
[wow-themes.com/demo/html/perfume/images/resource/img-25.jpg]
[wow-themes.com/demo/html/perfume/js/jquery.mixitup.min.js]
[wow-themes.com/demo/html/perfume/categories.html]
[wow-themes.com/demo/html/perfume/wholesalers.html]
[wow-themes.com/demo/html/perfume/js/jquery-ui.min.js]
[wow-themes.com/demo/html/perfume/images/resource/snap-1.jpg]
[wow-themes.com/demo/html/perfume/beauty-expert.html]
[wow-themes.com/demo/html/perfume/images/resource/team-1.jpg]
[wow-themes.com/demo/html/perfume/images/resource/team-2.jpg]
[wow-themes.com/demo/html/perfume/about.html]
[wow-themes.com/demo/html/perfume/images/resource/team-3.jpg]
[wow-themes.com/demo/html/perfume/images/resource/team-4.jpg]
[wow-themes.com/demo/html/perfume/our-team.html]
[wow-themes.com/demo/html/perfume/faq.html]
[wow-themes.com/demo/html/perfume/register.html]
[wow-themes.com/demo/html/perfume/js/jquery.plugin.min.js]
[wow-themes.com/demo/html/perfume/coming-soon.html]
[wow-themes.com/demo/html/perfume/error.html]
[wow-themes.com/demo/html/perfume/js/jquery.countdown.min.js]
[wow-themes.com/demo/html/perfume/shop-by-brand.html]
[wow-themes.com/demo/html/perfume/contact.html]
[wow-themes.com/demo/html/perfume/css/fonts/flaticon/flaticon.svg]
[wow-themes.com/demo/html/perfume/css/fonts/glyphicons-halflings-regular.svg]
[wow-themes.com/demo/html/perfume/js/rs-plugin/font/revicons90c6.svg]
[wow-themes.com/demo/html/perfume/css/jquery-ui.css]
